2026-07-02 19:10:18,855 | INFO | Cpu is in normal state: 13.1%
2026-07-02 19:10:18,856 | WARNING | Ram is in Warning state: 86.3% 
2026-07-02 19:10:18,857 | INFO | Disk is in normal state: 21.4%
2026-07-02 19:10:28,860 | INFO | Cpu is in normal state: 27.2%
2026-07-02 19:10:28,862 | WARNING | Ram is in Warning state: 87.4% 
2026-07-02 19:10:28,863 | INFO | Disk is in normal state: 21.4%
2026-07-02 19:10:38,865 | INFO | Cpu is in normal state: 21.8%
2026-07-02 19:10:38,866 | WARNING | Ram is in Warning state: 87.7% 
2026-07-02 19:10:38,867 | INFO | Disk is in normal state: 21.4%
2026-07-02 19:10:48,870 | INFO | Cpu is in normal state: 12.9%
2026-07-02 19:10:48,871 | WARNING | Ram is in Warning state: 87.4% 
2026-07-02 19:10:48,872 | INFO | Disk is in normal state: 21.4%
2026-07-02 19:10:58,875 | INFO | Cpu is in normal state: 26.5%
2026-07-02 19:10:58,877 | WARNING | Ram is in Warning state: 87.5% 
2026-07-02 19:10:58,878 | INFO | Disk is in normal state: 21.4%
2026-07-02 19:11:08,881 | INFO | Cpu is in normal state: 32.9%
2026-07-02 19:11:08,883 | WARNING | Ram is in Warning state: 87.4% 
2026-07-02 19:11:08,884 | INFO | Disk is in normal state: 21.4%
2026-07-02 19:11:18,886 | INFO | Cpu is in normal state: 21.3%
2026-07-02 19:11:18,888 | WARNING | Ram is in Warning state: 87.5% 
2026-07-02 19:11:18,890 | INFO | Disk is in normal state: 21.4%
2026-07-02 19:11:28,893 | INFO | Cpu is in normal state: 16.5%
2026-07-02 19:11:28,894 | WARNING | Ram is in Warning state: 87.3% 
2026-07-02 19:11:28,895 | INFO | Disk is in normal state: 21.4%
2026-07-02 19:11:38,899 | INFO | Cpu is in normal state: 14.1%
2026-07-02 19:11:38,900 | WARNING | Ram is in Warning state: 87.3% 
2026-07-02 19:11:38,901 | INFO | Disk is in normal state: 21.4%
2026-07-02 19:11:48,903 | INFO | Cpu is in normal state: 15.6%
2026-07-02 19:11:48,905 | WARNING | Ram is in Warning state: 87.4% 
2026-07-02 19:11:48,906 | INFO | Disk is in normal state: 21.4%
2026-07-02 19:11:58,908 | INFO | Cpu is in normal state: 11.4%
2026-07-02 19:11:58,909 | WARNING | Ram is in Warning state: 86.9% 
2026-07-02 19:11:58,910 | INFO | Disk is in normal state: 21.4%
2026-07-02 19:12:08,912 | INFO | Cpu is in normal state: 18.6%
2026-07-02 19:12:08,913 | WARNING | Ram is in Warning state: 87.3% 
2026-07-02 19:12:08,913 | INFO | Disk is in normal state: 21.4%
2026-07-02 19:12:18,915 | INFO | Cpu is in normal state: 26.7%
2026-07-02 19:12:18,917 | WARNING | Ram is in Warning state: 86.4% 
2026-07-02 19:12:18,918 | INFO | Disk is in normal state: 21.4%
2026-07-02 19:12:28,920 | INFO | Cpu is in normal state: 22.9%
2026-07-02 19:12:28,921 | WARNING | Ram is in Warning state: 87.0% 
2026-07-02 19:12:28,922 | INFO | Disk is in normal state: 21.4%
2026-07-02 19:12:38,925 | INFO | Cpu is in normal state: 20.8%
2026-07-02 19:12:38,927 | WARNING | Ram is in Warning state: 86.6% 
2026-07-02 19:12:38,929 | INFO | Disk is in normal state: 21.4%
2026-07-02 19:12:48,931 | INFO | Cpu is in normal state: 19.9%
2026-07-02 19:12:48,932 | WARNING | Ram is in Warning state: 86.6% 
2026-07-02 19:12:48,933 | INFO | Disk is in normal state: 21.4%
2026-07-02 19:12:58,935 | INFO | Cpu is in normal state: 20.1%
2026-07-02 19:12:58,936 | WARNING | Ram is in Warning state: 86.8% 
2026-07-02 19:12:58,937 | INFO | Disk is in normal state: 21.4%
2026-07-02 19:13:08,939 | INFO | Cpu is in normal state: 17.6%
2026-07-02 19:13:08,941 | WARNING | Ram is in Warning state: 86.8% 
2026-07-02 19:13:08,942 | INFO | Disk is in normal state: 21.4%
2026-07-02 19:13:18,945 | INFO | Cpu is in normal state: 21.3%
2026-07-02 19:13:18,947 | WARNING | Ram is in Warning state: 87.4% 
2026-07-02 19:13:18,948 | INFO | Disk is in normal state: 21.4%
2026-07-02 19:13:28,950 | INFO | Cpu is in normal state: 18.4%
2026-07-02 19:13:28,951 | WARNING | Ram is in Warning state: 87.3% 
2026-07-02 19:13:28,951 | INFO | Disk is in normal state: 21.4%
2026-07-02 19:13:38,953 | INFO | Cpu is in normal state: 17.5%
2026-07-02 19:13:38,955 | WARNING | Ram is in Warning state: 87.4% 
2026-07-02 19:13:38,956 | INFO | Disk is in normal state: 21.4%
2026-07-02 19:13:48,960 | INFO | Cpu is in normal state: 20.4%
2026-07-02 19:13:48,961 | WARNING | Ram is in Warning state: 87.1% 
2026-07-02 19:13:48,963 | INFO | Disk is in normal state: 21.4%
2026-07-02 19:13:58,966 | INFO | Cpu is in normal state: 20.0%
2026-07-02 19:13:58,967 | WARNING | Ram is in Warning state: 86.5% 
2026-07-02 19:13:58,969 | INFO | Disk is in normal state: 21.4%
2026-07-02 19:14:08,971 | INFO | Cpu is in normal state: 28.2%
2026-07-02 19:14:08,973 | WARNING | Ram is in Warning state: 87.2% 
2026-07-02 19:14:08,974 | INFO | Disk is in normal state: 21.4%
2026-07-02 19:14:18,975 | INFO | Cpu is in normal state: 24.0%
2026-07-02 19:14:18,976 | WARNING | Ram is in Warning state: 87.1% 
2026-07-02 19:14:18,977 | INFO | Disk is in normal state: 21.4%
2026-07-02 19:14:28,980 | INFO | Cpu is in normal state: 15.2%
2026-07-02 19:14:28,981 | WARNING | Ram is in Warning state: 87.1% 
2026-07-02 19:14:28,982 | INFO | Disk is in normal state: 21.4%
2026-07-02 19:14:38,983 | INFO | Cpu is in normal state: 24.1%
2026-07-02 19:14:38,984 | WARNING | Ram is in Warning state: 87.3% 
2026-07-02 19:14:38,985 | INFO | Disk is in normal state: 21.4%
2026-07-02 19:14:48,987 | INFO | Cpu is in normal state: 26.4%
2026-07-02 19:14:48,989 | WARNING | Ram is in Warning state: 86.8% 
2026-07-02 19:14:48,990 | INFO | Disk is in normal state: 21.4%
2026-07-02 19:14:58,992 | INFO | Cpu is in normal state: 25.4%
2026-07-02 19:14:58,993 | WARNING | Ram is in Warning state: 86.1% 
2026-07-02 19:14:58,993 | INFO | Disk is in normal state: 21.4%
2026-07-02 19:15:08,996 | INFO | Cpu is in normal state: 29.5%
2026-07-02 19:15:08,997 | WARNING | Ram is in Warning state: 86.7% 
2026-07-02 19:15:08,998 | INFO | Disk is in normal state: 21.4%
2026-07-02 19:15:19,000 | INFO | Cpu is in normal state: 18.4%
2026-07-02 19:15:19,001 | WARNING | Ram is in Warning state: 86.8% 
2026-07-02 19:15:19,001 | INFO | Disk is in normal state: 21.4%
2026-07-02 19:15:29,004 | INFO | Cpu is in normal state: 21.6%
2026-07-02 19:15:29,006 | WARNING | Ram is in Warning state: 86.9% 
2026-07-02 19:15:29,007 | INFO | Disk is in normal state: 21.4%
2026-07-02 19:15:39,009 | INFO | Cpu is in normal state: 21.6%
2026-07-02 19:15:39,010 | WARNING | Ram is in Warning state: 87.2% 
2026-07-02 19:15:39,011 | INFO | Disk is in normal state: 21.4%
2026-07-02 19:15:49,013 | INFO | Cpu is in normal state: 18.9%
2026-07-02 19:15:49,015 | WARNING | Ram is in Warning state: 87.1% 
2026-07-02 19:15:49,016 | INFO | Disk is in normal state: 21.4%
2026-07-02 19:15:59,017 | INFO | Cpu is in normal state: 22.8%
2026-07-02 19:15:59,018 | WARNING | Ram is in Warning state: 87.3% 
2026-07-02 19:15:59,018 | INFO | Disk is in normal state: 21.4%
2026-07-02 19:16:09,019 | INFO | Cpu is in normal state: 22.4%
2026-07-02 19:16:09,019 | WARNING | Ram is in Warning state: 86.6% 
2026-07-02 19:16:09,020 | INFO | Disk is in normal state: 21.4%
2026-07-02 19:16:19,021 | INFO | Cpu is in normal state: 23.3%
2026-07-02 19:16:19,022 | WARNING | Ram is in Warning state: 87.8% 
2026-07-02 19:16:19,022 | INFO | Disk is in normal state: 21.4%
2026-07-02 19:16:29,023 | INFO | Cpu is in normal state: 20.3%
2026-07-02 19:16:29,024 | WARNING | Ram is in Warning state: 88.6% 
2026-07-02 19:16:29,024 | INFO | Disk is in normal state: 21.4%
2026-07-02 19:16:39,025 | INFO | Cpu is in normal state: 20.1%
2026-07-02 19:16:39,025 | WARNING | Ram is in Warning state: 89.7% 
2026-07-02 19:16:39,026 | INFO | Disk is in normal state: 21.4%
2026-07-02 19:16:49,027 | INFO | Cpu is in normal state: 20.1%
2026-07-02 19:16:49,027 | CRITICAL | Ram is in Critical state: 90.7%
2026-07-02 19:16:49,028 | INFO | Disk is in normal state: 21.4%
2026-07-02 19:16:59,029 | INFO | Cpu is in normal state: 19.1%
2026-07-02 19:16:59,030 | CRITICAL | Ram is in Critical state: 90.7%
2026-07-02 19:16:59,030 | INFO | Disk is in normal state: 21.4%
2026-07-02 19:17:09,031 | INFO | Cpu is in normal state: 19.4%
2026-07-02 19:17:09,032 | CRITICAL | Ram is in Critical state: 90.8%
2026-07-02 19:17:09,033 | INFO | Disk is in normal state: 21.4%
2026-07-02 19:17:19,034 | INFO | Cpu is in normal state: 22.4%
2026-07-02 19:17:19,034 | WARNING | Ram is in Warning state: 86.8% 
2026-07-02 19:17:19,035 | INFO | Disk is in normal state: 21.4%
2026-07-02 19:17:29,036 | INFO | Cpu is in normal state: 19.8%
2026-07-02 19:17:29,037 | WARNING | Ram is in Warning state: 86.9% 
2026-07-02 19:17:29,038 | INFO | Disk is in normal state: 21.4%
2026-07-02 19:17:39,039 | INFO | Cpu is in normal state: 19.7%
2026-07-02 19:17:39,039 | WARNING | Ram is in Warning state: 87.2% 
2026-07-02 19:17:39,040 | INFO | Disk is in normal state: 21.4%
2026-07-02 19:17:49,041 | INFO | Cpu is in normal state: 18.6%
2026-07-02 19:17:49,041 | WARNING | Ram is in Warning state: 87.4% 
2026-07-02 19:17:49,041 | INFO | Disk is in normal state: 21.4%
2026-07-02 19:17:59,044 | INFO | Cpu is in normal state: 21.1%
2026-07-02 19:17:59,044 | WARNING | Ram is in Warning state: 88.4% 
2026-07-02 19:17:59,045 | INFO | Disk is in normal state: 21.4%
2026-07-02 19:18:09,046 | INFO | Cpu is in normal state: 25.1%
2026-07-02 19:18:09,047 | WARNING | Ram is in Warning state: 88.3% 
2026-07-02 19:18:09,047 | INFO | Disk is in normal state: 21.4%
2026-07-02 19:18:19,050 | INFO | Cpu is in normal state: 24.1%
2026-07-02 19:18:19,052 | WARNING | Ram is in Warning state: 88.2% 
2026-07-02 19:18:19,054 | INFO | Disk is in normal state: 21.4%
2026-07-02 19:18:29,055 | INFO | Cpu is in normal state: 19.1%
2026-07-02 19:18:29,056 | WARNING | Ram is in Warning state: 84.3% 
2026-07-02 19:18:29,057 | INFO | Disk is in normal state: 21.4%
2026-07-02 19:18:39,059 | INFO | Cpu is in normal state: 17.9%
2026-07-02 19:18:39,060 | WARNING | Ram is in Warning state: 84.3% 
2026-07-02 19:18:39,061 | INFO | Disk is in normal state: 21.4%
2026-07-04 15:48:02,634 | INFO | Cpu is in normal state: 59.6%
2026-07-04 15:48:02,636 | WARNING | Ram is in Warning state: 86.6% 
2026-07-04 15:48:02,636 | INFO | Disk is in normal state: 19.6%
2026-07-04 15:48:12,638 | INFO | Cpu is in normal state: 29.5%
2026-07-04 15:48:12,638 | WARNING | Ram is in Warning state: 87.3% 
2026-07-04 15:48:12,639 | INFO | Disk is in normal state: 19.6%
2026-07-04 15:48:22,641 | INFO | Cpu is in normal state: 20.9%
2026-07-04 15:48:22,641 | WARNING | Ram is in Warning state: 87.6% 
2026-07-04 15:48:22,642 | INFO | Disk is in normal state: 19.6%
2026-07-04 15:48:32,644 | INFO | Cpu is in normal state: 24.7%
2026-07-04 15:48:32,645 | WARNING | Ram is in Warning state: 88.2% 
2026-07-04 15:48:32,645 | INFO | Disk is in normal state: 19.6%
2026-07-04 15:48:42,647 | INFO | Cpu is in normal state: 24.1%
2026-07-04 15:48:42,647 | WARNING | Ram is in Warning state: 88.0% 
2026-07-04 15:48:42,648 | INFO | Disk is in normal state: 19.6%
2026-07-04 15:48:52,650 | INFO | Cpu is in normal state: 21.9%
2026-07-04 15:48:52,651 | WARNING | Ram is in Warning state: 88.2% 
2026-07-04 15:48:52,651 | INFO | Disk is in normal state: 19.6%
2026-07-04 15:49:02,653 | INFO | Cpu is in normal state: 20.8%
2026-07-04 15:49:02,653 | WARNING | Ram is in Warning state: 87.9% 
2026-07-04 15:49:02,654 | INFO | Disk is in normal state: 19.6%
2026-07-04 15:49:12,657 | INFO | Cpu is in normal state: 23.4%
2026-07-04 15:49:12,658 | WARNING | Ram is in Warning state: 88.4% 
2026-07-04 15:49:12,660 | INFO | Disk is in normal state: 19.6%
2026-07-04 15:49:22,663 | INFO | Cpu is in normal state: 19.3%
2026-07-04 15:49:22,665 | WARNING | Ram is in Warning state: 88.4% 
2026-07-04 15:49:22,667 | INFO | Disk is in normal state: 19.6%
2026-07-04 15:49:32,668 | INFO | Cpu is in normal state: 19.3%
2026-07-04 15:49:32,669 | WARNING | Ram is in Warning state: 88.2% 
2026-07-04 15:49:32,670 | INFO | Disk is in normal state: 19.6%
2026-07-04 15:49:42,671 | INFO | Cpu is in normal state: 21.3%
2026-07-04 15:49:42,672 | WARNING | Ram is in Warning state: 88.5% 
2026-07-04 15:49:42,673 | INFO | Disk is in normal state: 19.6%
2026-07-04 15:49:52,677 | INFO | Cpu is in normal state: 16.0%
2026-07-04 15:49:52,679 | WARNING | Ram is in Warning state: 88.2% 
2026-07-04 15:49:52,680 | INFO | Disk is in normal state: 19.6%
2026-07-04 15:50:02,683 | INFO | Cpu is in normal state: 25.5%
2026-07-04 15:50:02,684 | WARNING | Ram is in Warning state: 87.0% 
2026-07-04 15:50:02,685 | INFO | Disk is in normal state: 19.6%
2026-07-04 15:50:12,687 | INFO | Cpu is in normal state: 20.0%
2026-07-04 15:50:12,688 | WARNING | Ram is in Warning state: 87.1% 
2026-07-04 15:50:12,689 | INFO | Disk is in normal state: 19.6%
2026-07-04 15:50:22,693 | INFO | Cpu is in normal state: 19.0%
2026-07-04 15:50:22,694 | WARNING | Ram is in Warning state: 86.9% 
2026-07-04 15:50:22,695 | INFO | Disk is in normal state: 19.6%
2026-07-04 15:50:32,697 | INFO | Cpu is in normal state: 22.0%
2026-07-04 15:50:32,699 | WARNING | Ram is in Warning state: 87.3% 
2026-07-04 15:50:32,701 | INFO | Disk is in normal state: 19.6%
2026-07-04 15:50:42,703 | INFO | Cpu is in normal state: 20.1%
2026-07-04 15:50:42,705 | WARNING | Ram is in Warning state: 87.3% 
2026-07-04 15:50:42,707 | INFO | Disk is in normal state: 19.6%
2026-07-04 15:50:52,709 | INFO | Cpu is in normal state: 21.6%
2026-07-04 15:50:52,709 | WARNING | Ram is in Warning state: 84.5% 
2026-07-04 15:50:52,709 | INFO | Disk is in normal state: 19.6%
2026-07-04 15:51:02,710 | INFO | Cpu is in normal state: 24.5%
2026-07-04 15:51:02,711 | WARNING | Ram is in Warning state: 85.7% 
2026-07-04 15:51:02,712 | INFO | Disk is in normal state: 19.6%
2026-07-04 15:51:12,713 | INFO | Cpu is in normal state: 21.6%
2026-07-04 15:51:12,714 | WARNING | Ram is in Warning state: 86.1% 
2026-07-04 15:51:12,714 | INFO | Disk is in normal state: 19.6%
2026-07-04 15:51:22,715 | INFO | Cpu is in normal state: 19.9%
2026-07-04 15:51:22,716 | WARNING | Ram is in Warning state: 86.0% 
2026-07-04 15:51:22,716 | INFO | Disk is in normal state: 19.6%
2026-07-04 15:51:32,719 | INFO | Cpu is in normal state: 23.3%
2026-07-04 15:51:32,720 | WARNING | Ram is in Warning state: 85.9% 
2026-07-04 15:51:32,722 | INFO | Disk is in normal state: 19.6%
2026-07-04 15:51:42,723 | INFO | Cpu is in normal state: 23.8%
2026-07-04 15:51:42,724 | WARNING | Ram is in Warning state: 86.2% 
2026-07-04 15:51:42,724 | INFO | Disk is in normal state: 19.6%
2026-07-04 15:51:52,725 | INFO | Cpu is in normal state: 20.5%
2026-07-04 15:51:52,725 | WARNING | Ram is in Warning state: 86.2% 
2026-07-04 15:51:52,726 | INFO | Disk is in normal state: 19.6%
2026-07-04 15:52:02,727 | INFO | Cpu is in normal state: 18.9%
2026-07-04 15:52:02,727 | WARNING | Ram is in Warning state: 86.3% 
2026-07-04 15:52:02,728 | INFO | Disk is in normal state: 19.6%
2026-07-04 15:52:12,729 | INFO | Cpu is in normal state: 18.1%
2026-07-04 15:52:12,729 | WARNING | Ram is in Warning state: 86.2% 
2026-07-04 15:52:12,730 | INFO | Disk is in normal state: 19.6%
2026-07-04 15:52:22,731 | INFO | Cpu is in normal state: 18.1%
2026-07-04 15:52:22,732 | WARNING | Ram is in Warning state: 86.2% 
2026-07-04 15:52:22,733 | INFO | Disk is in normal state: 19.6%
2026-07-04 15:52:32,734 | INFO | Cpu is in normal state: 22.8%
2026-07-04 15:52:32,734 | WARNING | Ram is in Warning state: 86.2% 
2026-07-04 15:52:32,734 | INFO | Disk is in normal state: 19.6%
2026-07-04 15:52:42,736 | INFO | Cpu is in normal state: 18.3%
2026-07-04 15:52:42,736 | WARNING | Ram is in Warning state: 86.2% 
2026-07-04 15:52:42,737 | INFO | Disk is in normal state: 19.6%
2026-07-04 15:52:52,738 | INFO | Cpu is in normal state: 17.8%
2026-07-04 15:52:52,739 | WARNING | Ram is in Warning state: 86.2% 
2026-07-04 15:52:52,739 | INFO | Disk is in normal state: 19.6%
2026-07-04 15:53:02,740 | INFO | Cpu is in normal state: 18.9%
2026-07-04 15:53:02,741 | WARNING | Ram is in Warning state: 86.3% 
2026-07-04 15:53:02,741 | INFO | Disk is in normal state: 19.6%
2026-07-04 15:53:12,742 | INFO | Cpu is in normal state: 18.1%
2026-07-04 15:53:12,743 | WARNING | Ram is in Warning state: 86.2% 
2026-07-04 15:53:12,743 | INFO | Disk is in normal state: 19.6%
2026-07-04 15:53:22,744 | INFO | Cpu is in normal state: 22.0%
2026-07-04 15:53:22,745 | WARNING | Ram is in Warning state: 86.5% 
2026-07-04 15:53:22,745 | INFO | Disk is in normal state: 19.6%
2026-07-04 15:53:32,747 | INFO | Cpu is in normal state: 16.0%
2026-07-04 15:53:32,747 | WARNING | Ram is in Warning state: 86.3% 
2026-07-04 15:53:32,748 | INFO | Disk is in normal state: 19.6%
2026-07-04 15:53:42,748 | INFO | Cpu is in normal state: 20.5%
2026-07-04 15:53:42,749 | WARNING | Ram is in Warning state: 86.7% 
2026-07-04 15:53:42,749 | INFO | Disk is in normal state: 19.6%
2026-07-04 15:53:52,750 | INFO | Cpu is in normal state: 22.8%
2026-07-04 15:53:52,751 | WARNING | Ram is in Warning state: 86.2% 
2026-07-04 15:53:52,752 | INFO | Disk is in normal state: 19.6%
2026-07-04 15:54:02,757 | INFO | Cpu is in normal state: 17.9%
2026-07-04 15:54:02,759 | WARNING | Ram is in Warning state: 86.6% 
2026-07-04 15:54:02,761 | INFO | Disk is in normal state: 19.6%
2026-07-04 15:54:12,763 | INFO | Cpu is in normal state: 20.9%
2026-07-04 15:54:12,764 | WARNING | Ram is in Warning state: 86.7% 
2026-07-04 15:54:12,765 | INFO | Disk is in normal state: 19.6%
2026-07-04 15:54:22,768 | INFO | Cpu is in normal state: 17.0%
2026-07-04 15:54:22,770 | WARNING | Ram is in Warning state: 86.7% 
2026-07-04 15:54:22,772 | INFO | Disk is in normal state: 19.6%
2026-07-04 15:54:32,774 | INFO | Cpu is in normal state: 15.0%
2026-07-04 15:54:32,776 | WARNING | Ram is in Warning state: 86.4% 
2026-07-04 15:54:32,777 | INFO | Disk is in normal state: 19.6%
2026-07-04 15:54:42,779 | INFO | Cpu is in normal state: 13.7%
2026-07-04 15:54:42,781 | WARNING | Ram is in Warning state: 86.4% 
2026-07-04 15:54:42,783 | INFO | Disk is in normal state: 19.6%
2026-07-04 15:54:52,785 | INFO | Cpu is in normal state: 9.6%
2026-07-04 15:54:52,786 | WARNING | Ram is in Warning state: 86.1% 
2026-07-04 15:54:52,787 | INFO | Disk is in normal state: 19.6%
2026-07-04 15:55:02,788 | INFO | Cpu is in normal state: 13.5%
2026-07-04 15:55:02,789 | WARNING | Ram is in Warning state: 86.2% 
2026-07-04 15:55:02,790 | INFO | Disk is in normal state: 19.6%
2026-07-04 15:55:12,793 | INFO | Cpu is in normal state: 13.0%
2026-07-04 15:55:12,794 | WARNING | Ram is in Warning state: 85.5% 
2026-07-04 15:55:12,795 | INFO | Disk is in normal state: 19.6%
2026-07-04 15:55:22,798 | INFO | Cpu is in normal state: 12.9%
2026-07-04 15:55:22,799 | WARNING | Ram is in Warning state: 85.5% 
2026-07-04 15:55:22,800 | INFO | Disk is in normal state: 19.6%
2026-07-04 15:55:32,802 | INFO | Cpu is in normal state: 9.2%
2026-07-04 15:55:32,803 | WARNING | Ram is in Warning state: 85.5% 
2026-07-04 15:55:32,803 | INFO | Disk is in normal state: 19.6%
2026-07-04 15:55:42,805 | INFO | Cpu is in normal state: 8.2%
2026-07-04 15:55:42,806 | WARNING | Ram is in Warning state: 85.5% 
2026-07-04 15:55:42,807 | INFO | Disk is in normal state: 19.6%
2026-07-04 15:55:52,809 | INFO | Cpu is in normal state: 9.5%
2026-07-04 15:55:52,811 | WARNING | Ram is in Warning state: 85.5% 
2026-07-04 15:55:52,812 | INFO | Disk is in normal state: 19.6%
2026-07-04 15:56:02,814 | INFO | Cpu is in normal state: 10.2%
2026-07-04 15:56:02,815 | WARNING | Ram is in Warning state: 85.6% 
2026-07-04 15:56:02,816 | INFO | Disk is in normal state: 19.6%
2026-07-04 15:56:12,818 | INFO | Cpu is in normal state: 8.5%
2026-07-04 15:56:12,820 | WARNING | Ram is in Warning state: 85.5% 
2026-07-04 15:56:12,821 | INFO | Disk is in normal state: 19.6%
2026-07-04 15:56:22,825 | INFO | Cpu is in normal state: 12.4%
2026-07-04 15:56:22,827 | WARNING | Ram is in Warning state: 85.5% 
2026-07-04 15:56:22,828 | INFO | Disk is in normal state: 19.6%
2026-07-04 15:56:32,830 | INFO | Cpu is in normal state: 14.9%
2026-07-04 15:56:32,832 | WARNING | Ram is in Warning state: 85.9% 
2026-07-04 15:56:32,834 | INFO | Disk is in normal state: 19.6%
2026-07-04 15:56:42,836 | INFO | Cpu is in normal state: 20.9%
2026-07-04 15:56:42,838 | WARNING | Ram is in Warning state: 86.1% 
2026-07-04 15:56:42,839 | INFO | Disk is in normal state: 19.6%
2026-07-04 15:56:52,841 | INFO | Cpu is in normal state: 20.4%
2026-07-04 15:56:52,842 | WARNING | Ram is in Warning state: 85.3% 
2026-07-04 15:56:52,843 | INFO | Disk is in normal state: 19.6%
2026-07-04 15:57:02,844 | INFO | Cpu is in normal state: 19.6%
2026-07-04 15:57:02,845 | WARNING | Ram is in Warning state: 85.5% 
2026-07-04 15:57:02,846 | INFO | Disk is in normal state: 19.6%
2026-07-04 15:57:12,848 | INFO | Cpu is in normal state: 17.2%
2026-07-04 15:57:12,849 | WARNING | Ram is in Warning state: 85.2% 
2026-07-04 15:57:12,850 | INFO | Disk is in normal state: 19.6%
2026-07-04 15:57:22,851 | INFO | Cpu is in normal state: 21.8%
2026-07-04 15:57:22,852 | WARNING | Ram is in Warning state: 85.4% 
2026-07-04 15:57:22,853 | INFO | Disk is in normal state: 19.6%
2026-07-04 15:57:32,856 | INFO | Cpu is in normal state: 18.0%
2026-07-04 15:57:32,857 | WARNING | Ram is in Warning state: 85.4% 
2026-07-04 15:57:32,858 | INFO | Disk is in normal state: 19.6%
2026-07-04 15:57:42,860 | INFO | Cpu is in normal state: 15.8%
2026-07-04 15:57:42,860 | WARNING | Ram is in Warning state: 85.7% 
2026-07-04 15:57:42,861 | INFO | Disk is in normal state: 19.6%
2026-07-04 15:57:52,863 | INFO | Cpu is in normal state: 23.3%
2026-07-04 15:57:52,863 | WARNING | Ram is in Warning state: 85.9% 
2026-07-04 15:57:52,864 | INFO | Disk is in normal state: 19.6%
2026-07-04 15:58:02,865 | INFO | Cpu is in normal state: 24.1%
2026-07-04 15:58:02,865 | WARNING | Ram is in Warning state: 87.0% 
2026-07-04 15:58:02,865 | INFO | Disk is in normal state: 19.6%
2026-07-04 15:58:12,866 | INFO | Cpu is in normal state: 21.2%
2026-07-04 15:58:12,867 | WARNING | Ram is in Warning state: 86.6% 
2026-07-04 15:58:12,867 | INFO | Disk is in normal state: 19.6%
2026-07-04 15:58:22,868 | INFO | Cpu is in normal state: 22.5%
2026-07-04 15:58:22,869 | WARNING | Ram is in Warning state: 86.8% 
2026-07-04 15:58:22,869 | INFO | Disk is in normal state: 19.6%
2026-07-04 15:58:32,870 | INFO | Cpu is in normal state: 17.8%
2026-07-04 15:58:32,871 | WARNING | Ram is in Warning state: 86.9% 
2026-07-04 15:58:32,871 | INFO | Disk is in normal state: 19.6%
2026-07-04 15:58:42,872 | INFO | Cpu is in normal state: 17.5%
2026-07-04 15:58:42,872 | WARNING | Ram is in Warning state: 86.9% 
2026-07-04 15:58:42,873 | INFO | Disk is in normal state: 19.6%
2026-07-04 15:58:52,873 | INFO | Cpu is in normal state: 18.4%
2026-07-04 15:58:52,874 | WARNING | Ram is in Warning state: 87.2% 
2026-07-04 15:58:52,874 | INFO | Disk is in normal state: 19.6%
2026-07-04 15:59:02,877 | INFO | Cpu is in normal state: 21.1%
2026-07-04 15:59:02,879 | WARNING | Ram is in Warning state: 87.2% 
2026-07-04 15:59:02,880 | INFO | Disk is in normal state: 19.6%
2026-07-04 15:59:12,881 | INFO | Cpu is in normal state: 17.7%
2026-07-04 15:59:12,882 | WARNING | Ram is in Warning state: 87.3% 
2026-07-04 15:59:12,882 | INFO | Disk is in normal state: 19.6%
2026-07-04 15:59:22,883 | INFO | Cpu is in normal state: 17.1%
2026-07-04 15:59:22,884 | WARNING | Ram is in Warning state: 87.3% 
2026-07-04 15:59:22,884 | INFO | Disk is in normal state: 19.6%
2026-07-04 15:59:32,885 | INFO | Cpu is in normal state: 17.2%
2026-07-04 15:59:32,886 | WARNING | Ram is in Warning state: 87.3% 
2026-07-04 15:59:32,886 | INFO | Disk is in normal state: 19.6%
2026-07-04 15:59:42,887 | INFO | Cpu is in normal state: 17.6%
2026-07-04 15:59:42,888 | WARNING | Ram is in Warning state: 87.3% 
2026-07-04 15:59:42,889 | INFO | Disk is in normal state: 19.6%
2026-07-04 15:59:52,890 | INFO | Cpu is in normal state: 16.8%
2026-07-04 15:59:52,890 | WARNING | Ram is in Warning state: 87.3% 
2026-07-04 15:59:52,891 | INFO | Disk is in normal state: 19.6%
2026-07-04 16:00:02,892 | INFO | Cpu is in normal state: 17.9%
2026-07-04 16:00:02,893 | WARNING | Ram is in Warning state: 87.7% 
2026-07-04 16:00:02,893 | INFO | Disk is in normal state: 19.6%
2026-07-04 16:00:12,895 | INFO | Cpu is in normal state: 20.6%
2026-07-04 16:00:12,896 | WARNING | Ram is in Warning state: 87.1% 
2026-07-04 16:00:12,896 | INFO | Disk is in normal state: 19.6%
2026-07-04 16:00:22,897 | INFO | Cpu is in normal state: 17.9%
2026-07-04 16:00:22,898 | WARNING | Ram is in Warning state: 88.1% 
2026-07-04 16:00:22,898 | INFO | Disk is in normal state: 19.6%
2026-07-04 16:00:32,902 | INFO | Cpu is in normal state: 18.6%
2026-07-04 16:00:32,905 | WARNING | Ram is in Warning state: 85.3% 
2026-07-04 16:00:32,906 | INFO | Disk is in normal state: 19.6%
2026-07-04 16:00:42,909 | INFO | Cpu is in normal state: 28.3%
2026-07-04 16:00:42,910 | WARNING | Ram is in Warning state: 84.1% 
2026-07-04 16:00:42,911 | INFO | Disk is in normal state: 19.6%
2026-07-04 16:00:52,913 | INFO | Cpu is in normal state: 44.7%
2026-07-04 16:00:52,915 | WARNING | Ram is in Warning state: 82.5% 
2026-07-04 16:00:52,916 | INFO | Disk is in normal state: 19.6%
2026-07-04 16:01:02,917 | INFO | Cpu is in normal state: 13.5%
2026-07-04 16:01:02,934 | WARNING | Ram is in Warning state: 82.5% 
2026-07-04 16:01:02,946 | INFO | Disk is in normal state: 19.6%
2026-07-04 16:01:12,948 | INFO | Cpu is in normal state: 19.7%
2026-07-04 16:01:12,950 | WARNING | Ram is in Warning state: 83.7% 
2026-07-04 16:01:12,951 | INFO | Disk is in normal state: 19.6%
2026-07-04 16:01:22,953 | INFO | Cpu is in normal state: 18.7%
2026-07-04 16:01:22,954 | WARNING | Ram is in Warning state: 84.1% 
2026-07-04 16:01:22,955 | INFO | Disk is in normal state: 19.6%
2026-07-04 16:01:32,960 | INFO | Cpu is in normal state: 24.7%
2026-07-04 16:01:32,961 | WARNING | Ram is in Warning state: 85.0% 
2026-07-04 16:01:32,962 | INFO | Disk is in normal state: 19.6%
2026-07-04 16:01:42,964 | INFO | Cpu is in normal state: 24.1%
2026-07-04 16:01:42,965 | WARNING | Ram is in Warning state: 85.0% 
2026-07-04 16:01:42,966 | INFO | Disk is in normal state: 19.6%
2026-07-04 16:01:52,967 | INFO | Cpu is in normal state: 28.3%
2026-07-04 16:01:52,968 | WARNING | Ram is in Warning state: 85.0% 
2026-07-04 16:01:52,969 | INFO | Disk is in normal state: 19.6%
2026-07-04 16:22:43,130 | INFO | Cpu is in normal state: 28.1%
2026-07-04 16:22:43,131 | WARNING | Ram is in Warning state: 81.1% 
2026-07-04 16:22:43,131 | INFO | Disk is in normal state: 19.7%
2026-07-04 16:22:53,133 | INFO | Cpu is in normal state: 29.8%
2026-07-04 16:22:53,136 | WARNING | Ram is in Warning state: 84.1% 
2026-07-04 16:22:53,138 | INFO | Disk is in normal state: 19.7%
2026-07-04 16:23:03,141 | INFO | Cpu is in normal state: 36.4%
2026-07-04 16:23:03,144 | WARNING | Ram is in Warning state: 82.3% 
2026-07-04 16:23:03,146 | INFO | Disk is in normal state: 19.7%
2026-07-04 16:23:13,149 | INFO | Cpu is in normal state: 33.9%
2026-07-04 16:23:13,150 | WARNING | Ram is in Warning state: 83.3% 
2026-07-04 16:23:13,151 | INFO | Disk is in normal state: 19.7%
2026-07-04 16:23:23,152 | INFO | Cpu is in normal state: 26.3%
2026-07-04 16:23:23,153 | WARNING | Ram is in Warning state: 85.2% 
2026-07-04 16:23:23,154 | INFO | Disk is in normal state: 19.7%
2026-07-04 16:23:33,155 | INFO | Cpu is in normal state: 36.7%
2026-07-04 16:23:33,155 | WARNING | Ram is in Warning state: 82.2% 
2026-07-04 16:23:33,156 | INFO | Disk is in normal state: 19.7%
2026-07-04 16:23:43,157 | INFO | Cpu is in normal state: 17.0%
2026-07-04 16:23:43,157 | WARNING | Ram is in Warning state: 82.2% 
2026-07-04 16:23:43,158 | INFO | Disk is in normal state: 19.7%
2026-07-04 16:23:53,159 | INFO | Cpu is in normal state: 22.7%
2026-07-04 16:23:53,159 | WARNING | Ram is in Warning state: 81.2% 
2026-07-04 16:23:53,160 | INFO | Disk is in normal state: 19.7%
2026-07-04 16:24:03,163 | INFO | Cpu is in normal state: 27.3%
2026-07-04 16:24:03,164 | WARNING | Ram is in Warning state: 82.1% 
2026-07-04 16:24:03,166 | INFO | Disk is in normal state: 19.7%
2026-07-04 16:24:13,168 | INFO | Cpu is in normal state: 42.6%
2026-07-04 16:24:13,169 | WARNING | Ram is in Warning state: 82.7% 
2026-07-04 16:24:13,170 | INFO | Disk is in normal state: 19.7%
2026-07-04 16:24:23,172 | INFO | Cpu is in normal state: 28.3%
2026-07-04 16:24:23,173 | WARNING | Ram is in Warning state: 82.4% 
2026-07-04 16:24:23,175 | INFO | Disk is in normal state: 19.7%
2026-07-04 16:24:33,177 | INFO | Cpu is in normal state: 21.3%
2026-07-04 16:24:33,177 | WARNING | Ram is in Warning state: 82.9% 
2026-07-04 16:24:33,177 | INFO | Disk is in normal state: 19.7%
2026-07-04 16:24:43,178 | INFO | Cpu is in normal state: 21.1%
2026-07-04 16:24:43,179 | WARNING | Ram is in Warning state: 81.5% 
2026-07-04 16:24:43,179 | INFO | Disk is in normal state: 19.7%
2026-07-04 16:24:53,180 | INFO | Cpu is in normal state: 22.0%
2026-07-04 16:24:53,181 | WARNING | Ram is in Warning state: 81.2% 
2026-07-04 16:24:53,181 | INFO | Disk is in normal state: 19.7%
2026-07-04 16:25:03,183 | INFO | Cpu is in normal state: 24.0%
2026-07-04 16:25:03,184 | WARNING | Ram is in Warning state: 81.7% 
2026-07-04 16:25:03,184 | INFO | Disk is in normal state: 19.7%
2026-07-04 16:25:13,186 | INFO | Cpu is in normal state: 23.3%
2026-07-04 16:25:13,187 | INFO | Ram is in normal state: 76.7%
2026-07-04 16:25:13,188 | INFO | Disk is in normal state: 19.7%
2026-07-04 16:25:23,190 | INFO | Cpu is in normal state: 18.9%
2026-07-04 16:25:23,192 | INFO | Ram is in normal state: 76.7%
2026-07-04 16:25:23,193 | INFO | Disk is in normal state: 19.7%
2026-07-04 16:25:33,195 | INFO | Cpu is in normal state: 13.8%
2026-07-04 16:25:33,196 | INFO | Ram is in normal state: 76.7%
2026-07-04 16:25:33,197 | INFO | Disk is in normal state: 19.7%
2026-07-04 16:25:43,199 | INFO | Cpu is in normal state: 24.5%
2026-07-04 16:25:43,201 | INFO | Ram is in normal state: 77.2%
2026-07-04 16:25:43,201 | INFO | Disk is in normal state: 19.7%
2026-07-04 16:47:48,482 | INFO | Cpu is in normal state: 41.2%
2026-07-04 16:47:48,483 | WARNING | Ram is in Warning state: 85.4% 
2026-07-04 16:47:48,483 | INFO | Disk is in normal state: 19.7%
2026-07-04 16:47:58,485 | INFO | Cpu is in normal state: 33.4%
2026-07-04 16:47:58,486 | WARNING | Ram is in Warning state: 85.8% 
2026-07-04 16:47:58,487 | INFO | Disk is in normal state: 19.7%
2026-07-04 16:48:08,488 | INFO | Cpu is in normal state: 31.3%
2026-07-04 16:48:08,489 | WARNING | Ram is in Warning state: 87.1% 
2026-07-04 16:48:08,489 | INFO | Disk is in normal state: 19.7%
2026-07-04 16:48:18,491 | INFO | Cpu is in normal state: 34.6%
2026-07-04 16:48:18,492 | WARNING | Ram is in Warning state: 83.1% 
2026-07-04 16:48:18,493 | INFO | Disk is in normal state: 19.7%
2026-07-04 16:48:28,494 | INFO | Cpu is in normal state: 32.7%
2026-07-04 16:48:28,496 | WARNING | Ram is in Warning state: 85.2% 
2026-07-04 16:48:28,497 | INFO | Disk is in normal state: 19.7%
2026-07-04 16:48:38,500 | INFO | Cpu is in normal state: 33.8%
2026-07-04 16:48:38,502 | WARNING | Ram is in Warning state: 84.0% 
2026-07-04 16:48:38,503 | INFO | Disk is in normal state: 19.7%
2026-07-04 16:48:48,506 | INFO | Cpu is in normal state: 31.2%
2026-07-04 16:48:48,507 | WARNING | Ram is in Warning state: 85.3% 
2026-07-04 16:48:48,508 | INFO | Disk is in normal state: 19.7%
2026-07-04 16:48:58,511 | INFO | Cpu is in normal state: 32.8%
2026-07-04 16:48:58,513 | WARNING | Ram is in Warning state: 87.5% 
2026-07-04 16:48:58,514 | INFO | Disk is in normal state: 19.7%
2026-07-04 16:49:08,516 | INFO | Cpu is in normal state: 21.4%
2026-07-04 16:49:08,518 | WARNING | Ram is in Warning state: 84.2% 
2026-07-04 16:49:08,518 | INFO | Disk is in normal state: 19.7%
2026-07-04 16:49:18,520 | INFO | Cpu is in normal state: 31.5%
2026-07-04 16:49:18,521 | WARNING | Ram is in Warning state: 85.4% 
2026-07-04 16:49:18,522 | INFO | Disk is in normal state: 19.7%
2026-07-04 16:49:28,531 | INFO | Cpu is in normal state: 74.4%
2026-07-04 16:49:28,533 | CRITICAL | Ram is in Critical state: 93.7%
2026-07-04 16:49:28,556 | INFO | Disk is in normal state: 19.7%
2026-07-04 16:49:38,559 | INFO | Cpu is in normal state: 62.4%
2026-07-04 16:49:38,560 | WARNING | Ram is in Warning state: 85.4% 
2026-07-04 16:49:38,561 | INFO | Disk is in normal state: 19.7%
2026-07-04 16:49:48,562 | INFO | Cpu is in normal state: 26.2%
2026-07-04 16:49:48,563 | WARNING | Ram is in Warning state: 86.5% 
2026-07-04 16:49:48,563 | INFO | Disk is in normal state: 19.7%
2026-07-04 16:49:58,566 | INFO | Cpu is in normal state: 38.4%
2026-07-04 16:49:58,568 | WARNING | Ram is in Warning state: 83.8% 
2026-07-04 16:49:58,570 | INFO | Disk is in normal state: 19.7%
2026-07-04 16:50:08,572 | INFO | Cpu is in normal state: 34.7%
2026-07-04 16:50:08,573 | WARNING | Ram is in Warning state: 84.5% 
2026-07-04 16:50:08,574 | INFO | Disk is in normal state: 19.7%
2026-07-04 16:50:18,578 | INFO | Cpu is in normal state: 36.2%
2026-07-04 16:50:18,580 | WARNING | Ram is in Warning state: 81.4% 
2026-07-04 16:50:18,582 | INFO | Disk is in normal state: 19.7%
2026-07-04 16:50:28,584 | INFO | Cpu is in normal state: 41.4%
2026-07-04 16:50:28,585 | WARNING | Ram is in Warning state: 85.1% 
2026-07-04 16:50:28,585 | INFO | Disk is in normal state: 19.7%
2026-07-04 16:50:38,587 | INFO | Cpu is in normal state: 22.8%
2026-07-04 16:50:38,587 | WARNING | Ram is in Warning state: 83.3% 
2026-07-04 16:50:38,588 | INFO | Disk is in normal state: 19.7%
2026-07-04 16:50:48,589 | INFO | Cpu is in normal state: 19.1%
2026-07-04 16:50:48,589 | WARNING | Ram is in Warning state: 81.8% 
2026-07-04 16:50:48,590 | INFO | Disk is in normal state: 19.7%
2026-07-04 16:50:58,591 | INFO | Cpu is in normal state: 30.3%
2026-07-04 16:50:58,592 | WARNING | Ram is in Warning state: 81.1% 
2026-07-04 16:50:58,592 | INFO | Disk is in normal state: 19.7%
2026-07-04 16:51:08,593 | INFO | Cpu is in normal state: 35.8%
2026-07-04 16:51:08,595 | WARNING | Ram is in Warning state: 82.0% 
2026-07-04 16:51:08,595 | INFO | Disk is in normal state: 19.7%
2026-07-04 16:51:18,597 | INFO | Cpu is in normal state: 37.3%
2026-07-04 16:51:18,597 | WARNING | Ram is in Warning state: 83.1% 
2026-07-04 16:51:18,597 | INFO | Disk is in normal state: 19.7%
2026-07-04 16:51:28,599 | INFO | Cpu is in normal state: 35.5%
2026-07-04 16:51:28,601 | WARNING | Ram is in Warning state: 85.9% 
2026-07-04 16:51:28,602 | INFO | Disk is in normal state: 19.7%
2026-07-04 16:51:38,604 | INFO | Cpu is in normal state: 21.7%
2026-07-04 16:51:38,604 | WARNING | Ram is in Warning state: 81.6% 
2026-07-04 16:51:38,605 | INFO | Disk is in normal state: 19.7%
2026-07-04 16:51:48,606 | INFO | Cpu is in normal state: 19.4%
2026-07-04 16:51:48,607 | WARNING | Ram is in Warning state: 81.5% 
2026-07-04 16:51:48,608 | INFO | Disk is in normal state: 19.7%
2026-07-04 16:51:58,610 | INFO | Cpu is in normal state: 23.0%
2026-07-04 16:51:58,611 | WARNING | Ram is in Warning state: 83.0% 
2026-07-04 16:51:58,612 | INFO | Disk is in normal state: 19.7%
2026-07-04 16:52:08,613 | INFO | Cpu is in normal state: 19.2%
2026-07-04 16:52:08,613 | WARNING | Ram is in Warning state: 82.2% 
2026-07-04 16:52:08,614 | INFO | Disk is in normal state: 19.7%
2026-07-04 16:52:18,615 | INFO | Cpu is in normal state: 17.3%
2026-07-04 16:52:18,615 | WARNING | Ram is in Warning state: 81.9% 
2026-07-04 16:52:18,616 | INFO | Disk is in normal state: 19.7%
2026-07-04 16:52:28,617 | INFO | Cpu is in normal state: 22.2%
2026-07-04 16:52:28,617 | WARNING | Ram is in Warning state: 81.3% 
2026-07-04 16:52:28,618 | INFO | Disk is in normal state: 19.7%
2026-07-04 16:52:38,651 | INFO | Cpu is in normal state: 18.7%
2026-07-04 16:52:38,669 | WARNING | Ram is in Warning state: 85.2% 
2026-07-04 16:52:38,678 | INFO | Disk is in normal state: 19.7%
2026-07-04 16:52:48,683 | INFO | Cpu is in normal state: 21.0%
2026-07-04 16:52:48,684 | WARNING | Ram is in Warning state: 81.3% 
2026-07-04 16:52:48,685 | INFO | Disk is in normal state: 19.7%
2026-07-04 16:52:58,686 | INFO | Cpu is in normal state: 29.3%
2026-07-04 16:52:58,687 | WARNING | Ram is in Warning state: 83.9% 
2026-07-04 16:52:58,688 | INFO | Disk is in normal state: 19.7%
2026-07-04 16:53:08,689 | INFO | Cpu is in normal state: 33.6%
2026-07-04 16:53:08,690 | WARNING | Ram is in Warning state: 81.8% 
2026-07-04 16:53:08,691 | INFO | Disk is in normal state: 19.7%
2026-07-04 16:53:18,693 | INFO | Cpu is in normal state: 21.7%
2026-07-04 16:53:18,694 | WARNING | Ram is in Warning state: 82.1% 
2026-07-04 16:53:18,694 | INFO | Disk is in normal state: 19.7%
2026-07-04 16:53:28,696 | INFO | Cpu is in normal state: 40.1%
2026-07-04 16:53:28,697 | WARNING | Ram is in Warning state: 81.9% 
2026-07-04 16:53:28,698 | INFO | Disk is in normal state: 19.7%
2026-07-04 17:09:33,553 | INFO | Cpu is in normal state: 51.9%
2026-07-04 17:09:33,554 | WARNING | Ram is in Warning state: 86.7% 
2026-07-04 17:09:33,554 | INFO | Disk is in normal state: 19.7%
2026-07-04 17:09:43,556 | INFO | Cpu is in normal state: 26.6%
2026-07-04 17:09:43,558 | WARNING | Ram is in Warning state: 86.0% 
2026-07-04 17:09:43,559 | INFO | Disk is in normal state: 19.7%
2026-07-04 17:09:53,560 | INFO | Cpu is in normal state: 13.8%
2026-07-04 17:09:53,561 | WARNING | Ram is in Warning state: 85.0% 
2026-07-04 17:09:53,561 | INFO | Disk is in normal state: 19.7%
2026-07-04 17:10:03,563 | INFO | Cpu is in normal state: 24.3%
2026-07-04 17:10:03,564 | WARNING | Ram is in Warning state: 83.3% 
2026-07-04 17:10:03,565 | INFO | Disk is in normal state: 19.7%
2026-07-04 17:10:13,566 | INFO | Cpu is in normal state: 11.2%
2026-07-04 17:10:13,567 | WARNING | Ram is in Warning state: 82.8% 
2026-07-04 17:10:13,568 | INFO | Disk is in normal state: 19.7%
2026-07-04 17:10:23,569 | INFO | Cpu is in normal state: 11.9%
2026-07-04 17:10:23,570 | WARNING | Ram is in Warning state: 81.1% 
2026-07-04 17:10:23,571 | INFO | Disk is in normal state: 19.7%
2026-07-04 17:10:33,573 | INFO | Cpu is in normal state: 7.8%
2026-07-04 17:10:33,575 | WARNING | Ram is in Warning state: 81.3% 
2026-07-04 17:10:33,576 | INFO | Disk is in normal state: 19.7%
2026-07-04 17:10:43,578 | INFO | Cpu is in normal state: 16.3%
2026-07-04 17:10:43,579 | WARNING | Ram is in Warning state: 81.1% 
2026-07-04 17:10:43,579 | INFO | Disk is in normal state: 19.7%
2026-07-04 17:10:53,580 | INFO | Cpu is in normal state: 14.5%
2026-07-04 17:10:53,581 | WARNING | Ram is in Warning state: 81.5% 
2026-07-04 17:10:53,582 | INFO | Disk is in normal state: 19.7%
2026-07-04 17:11:03,584 | INFO | Cpu is in normal state: 16.5%
2026-07-04 17:11:03,585 | WARNING | Ram is in Warning state: 82.1% 
2026-07-04 17:11:03,586 | INFO | Disk is in normal state: 19.7%
2026-07-04 17:11:13,587 | INFO | Cpu is in normal state: 15.7%
2026-07-04 17:11:13,588 | WARNING | Ram is in Warning state: 82.0% 
2026-07-04 17:11:13,588 | INFO | Disk is in normal state: 19.7%
2026-07-04 17:11:23,589 | INFO | Cpu is in normal state: 7.1%
2026-07-04 17:11:23,590 | WARNING | Ram is in Warning state: 81.9% 
2026-07-04 17:11:23,590 | INFO | Disk is in normal state: 19.7%
2026-07-04 17:11:33,592 | INFO | Cpu is in normal state: 16.5%
2026-07-04 17:11:33,594 | WARNING | Ram is in Warning state: 82.0% 
2026-07-04 17:11:33,595 | INFO | Disk is in normal state: 19.7%
2026-07-04 17:11:43,597 | INFO | Cpu is in normal state: 23.6%
2026-07-04 17:11:43,597 | WARNING | Ram is in Warning state: 83.2% 
2026-07-04 17:11:43,598 | INFO | Disk is in normal state: 19.7%
2026-07-04 17:17:32,335 | INFO | Cpu is in normal state: 32.1%
2026-07-04 17:17:32,336 | WARNING | Ram is in Warning state: 88.0% 
2026-07-04 17:17:32,336 | INFO | Disk is in normal state: 19.7%
2026-07-04 17:17:42,337 | INFO | Cpu is in normal state: 28.0%
2026-07-04 17:17:42,337 | WARNING | Ram is in Warning state: 84.6% 
2026-07-04 17:17:42,338 | INFO | Disk is in normal state: 19.7%
2026-07-04 17:17:52,339 | INFO | Cpu is in normal state: 24.6%
2026-07-04 17:17:52,339 | WARNING | Ram is in Warning state: 83.9% 
2026-07-04 17:17:52,340 | INFO | Disk is in normal state: 19.7%
2026-07-04 17:18:02,340 | INFO | Cpu is in normal state: 13.6%
2026-07-04 17:18:02,341 | WARNING | Ram is in Warning state: 84.2% 
2026-07-04 17:18:02,341 | INFO | Disk is in normal state: 19.7%
2026-07-04 17:18:12,344 | INFO | Cpu is in normal state: 6.4%
2026-07-04 17:18:12,345 | WARNING | Ram is in Warning state: 84.0% 
2026-07-04 17:18:12,346 | INFO | Disk is in normal state: 19.7%
2026-07-04 17:18:22,347 | INFO | Cpu is in normal state: 11.6%
2026-07-04 17:18:22,348 | WARNING | Ram is in Warning state: 83.7% 
2026-07-04 17:18:22,348 | INFO | Disk is in normal state: 19.7%
2026-07-04 17:18:32,350 | INFO | Cpu is in normal state: 15.7%
2026-07-04 17:18:32,351 | WARNING | Ram is in Warning state: 83.7% 
2026-07-04 17:18:32,351 | INFO | Disk is in normal state: 19.7%
2026-07-04 17:18:42,352 | INFO | Cpu is in normal state: 12.2%
2026-07-04 17:18:42,353 | WARNING | Ram is in Warning state: 84.0% 
2026-07-04 17:18:42,353 | INFO | Disk is in normal state: 19.7%
2026-07-04 17:18:52,355 | INFO | Cpu is in normal state: 18.9%
2026-07-04 17:18:52,355 | WARNING | Ram is in Warning state: 83.9% 
2026-07-04 17:18:52,356 | INFO | Disk is in normal state: 19.7%
2026-07-04 17:19:02,358 | INFO | Cpu is in normal state: 9.5%
2026-07-04 17:19:02,359 | WARNING | Ram is in Warning state: 83.7% 
2026-07-04 17:19:02,359 | INFO | Disk is in normal state: 19.7%
2026-07-04 17:19:12,361 | INFO | Cpu is in normal state: 12.4%
2026-07-04 17:19:12,362 | WARNING | Ram is in Warning state: 83.7% 
2026-07-04 17:19:12,362 | INFO | Disk is in normal state: 19.7%
2026-07-04 17:19:22,364 | INFO | Cpu is in normal state: 20.3%
2026-07-04 17:19:22,365 | WARNING | Ram is in Warning state: 84.0% 
2026-07-04 17:19:22,365 | INFO | Disk is in normal state: 19.7%
2026-07-04 17:20:04,662 | INFO | Cpu is in normal state: 20.8%
2026-07-04 17:20:04,662 | WARNING | Ram is in Warning state: 84.5% 
2026-07-04 17:20:04,663 | INFO | Disk is in normal state: 19.7%
2026-07-04 17:20:14,664 | INFO | Cpu is in normal state: 22.8%
2026-07-04 17:20:14,664 | WARNING | Ram is in Warning state: 84.4% 
2026-07-04 17:20:14,665 | INFO | Disk is in normal state: 19.7%
2026-07-04 17:20:24,665 | INFO | Cpu is in normal state: 18.9%
2026-07-04 17:20:24,666 | WARNING | Ram is in Warning state: 82.6% 
2026-07-04 17:20:24,667 | INFO | Disk is in normal state: 19.7%
2026-07-05 13:24:28,613 | INFO | Config file found successfuly
2026-07-05 13:24:28,615 | INFO | Cpu is in normal state: 22.2%
2026-07-05 13:24:28,615 | WARNING | Ram is in Warning state: 82.9% 
2026-07-05 13:24:28,616 | INFO | Disk is in normal state: 19.6%
2026-07-05 13:24:38,617 | INFO | Cpu is in normal state: 23.8%
2026-07-05 13:24:38,618 | WARNING | Ram is in Warning state: 84.8% 
2026-07-05 13:24:38,618 | INFO | Disk is in normal state: 19.6%
2026-07-05 13:24:48,620 | INFO | Cpu is in normal state: 8.4%
2026-07-05 13:24:48,620 | WARNING | Ram is in Warning state: 84.9% 
2026-07-05 13:24:48,621 | INFO | Disk is in normal state: 19.6%
2026-07-05 13:24:58,622 | INFO | Cpu is in normal state: 7.2%
2026-07-05 13:24:58,623 | WARNING | Ram is in Warning state: 84.7% 
2026-07-05 13:24:58,624 | INFO | Disk is in normal state: 19.6%
2026-07-05 13:25:08,625 | INFO | Cpu is in normal state: 20.4%
2026-07-05 13:25:08,625 | WARNING | Ram is in Warning state: 84.8% 
2026-07-05 13:25:08,626 | INFO | Disk is in normal state: 19.6%
2026-07-05 13:25:18,627 | INFO | Cpu is in normal state: 14.2%
2026-07-05 13:25:18,629 | WARNING | Ram is in Warning state: 83.8% 
2026-07-05 13:25:18,630 | INFO | Disk is in normal state: 19.6%
2026-07-05 13:25:28,631 | INFO | Cpu is in normal state: 10.3%
2026-07-05 13:25:28,632 | WARNING | Ram is in Warning state: 83.1% 
2026-07-05 13:25:28,633 | INFO | Disk is in normal state: 19.6%
2026-07-05 13:25:38,634 | INFO | Cpu is in normal state: 10.6%
2026-07-05 13:25:38,635 | WARNING | Ram is in Warning state: 82.9% 
2026-07-05 13:25:38,636 | INFO | Disk is in normal state: 19.6%
2026-07-05 13:25:48,637 | INFO | Cpu is in normal state: 9.0%
2026-07-05 13:25:48,638 | WARNING | Ram is in Warning state: 83.0% 
2026-07-05 13:25:48,638 | INFO | Disk is in normal state: 19.6%
2026-07-05 13:25:58,640 | INFO | Cpu is in normal state: 16.0%
2026-07-05 13:25:58,641 | WARNING | Ram is in Warning state: 83.4% 
2026-07-05 13:25:58,641 | INFO | Disk is in normal state: 19.6%
2026-07-05 13:26:08,643 | INFO | Cpu is in normal state: 14.1%
2026-07-05 13:26:08,645 | WARNING | Ram is in Warning state: 85.2% 
2026-07-05 13:26:08,645 | INFO | Disk is in normal state: 19.6%
2026-07-05 13:26:18,647 | INFO | Cpu is in normal state: 12.2%
2026-07-05 13:26:18,647 | WARNING | Ram is in Warning state: 83.7% 
2026-07-05 13:26:18,648 | INFO | Disk is in normal state: 19.6%
2026-07-05 13:26:28,649 | INFO | Cpu is in normal state: 10.3%
2026-07-05 13:26:28,650 | WARNING | Ram is in Warning state: 83.5% 
2026-07-05 13:26:28,651 | INFO | Disk is in normal state: 19.6%
2026-07-05 13:26:38,652 | INFO | Cpu is in normal state: 9.6%
2026-07-05 13:26:38,653 | WARNING | Ram is in Warning state: 85.2% 
2026-07-05 13:26:38,654 | INFO | Disk is in normal state: 19.6%
2026-07-05 13:26:48,655 | INFO | Cpu is in normal state: 13.8%
2026-07-05 13:26:48,655 | WARNING | Ram is in Warning state: 83.9% 
2026-07-05 13:26:48,655 | INFO | Disk is in normal state: 19.6%
2026-07-05 18:51:11,097 | INFO | Config file found successfuly
2026-07-05 18:51:11,098 | CRITICAL | Cpu is in Critical state: 98.7%
2026-07-05 18:51:11,099 | WARNING | Ram is in Warning state: 89.3% 
2026-07-05 18:51:11,100 | INFO | Disk is in normal state: 19.7%
2026-07-05 18:51:21,102 | INFO | Cpu is in normal state: 41.1%
2026-07-05 18:51:21,102 | WARNING | Ram is in Warning state: 89.3% 
2026-07-05 18:51:21,103 | INFO | Disk is in normal state: 19.7%
2026-07-05 18:51:31,105 | INFO | Cpu is in normal state: 34.5%
2026-07-05 18:51:31,107 | WARNING | Ram is in Warning state: 89.1% 
2026-07-05 18:51:31,108 | INFO | Disk is in normal state: 19.7%
2026-07-05 18:51:41,110 | INFO | Cpu is in normal state: 33.9%
2026-07-05 18:51:41,111 | WARNING | Ram is in Warning state: 88.9% 
2026-07-05 18:51:41,112 | INFO | Disk is in normal state: 19.7%
2026-07-05 18:51:51,114 | INFO | Cpu is in normal state: 17.9%
2026-07-05 18:51:51,115 | WARNING | Ram is in Warning state: 89.1% 
2026-07-05 18:51:51,115 | INFO | Disk is in normal state: 19.7%
2026-07-05 18:52:01,116 | INFO | Cpu is in normal state: 20.1%
2026-07-05 18:52:01,117 | WARNING | Ram is in Warning state: 89.5% 
2026-07-05 18:52:01,117 | INFO | Disk is in normal state: 19.7%
2026-07-05 18:52:11,119 | INFO | Cpu is in normal state: 20.4%
2026-07-05 18:52:11,119 | CRITICAL | Ram is in Critical state: 90.1%
2026-07-05 18:52:11,120 | INFO | Disk is in normal state: 19.7%
2026-07-05 18:52:21,121 | INFO | Cpu is in normal state: 23.0%
2026-07-05 18:52:21,122 | CRITICAL | Ram is in Critical state: 91.6%
2026-07-05 18:52:21,123 | INFO | Disk is in normal state: 19.7%
2026-07-05 18:52:31,125 | INFO | Cpu is in normal state: 26.6%
2026-07-05 18:52:31,127 | WARNING | Ram is in Warning state: 87.1% 
2026-07-05 18:52:31,129 | INFO | Disk is in normal state: 19.7%
2026-07-05 18:52:41,131 | INFO | Cpu is in normal state: 13.4%
2026-07-05 18:52:41,133 | WARNING | Ram is in Warning state: 84.4% 
2026-07-05 18:52:41,134 | INFO | Disk is in normal state: 19.7%
2026-07-05 18:52:51,136 | INFO | Cpu is in normal state: 16.8%
2026-07-05 18:52:51,136 | WARNING | Ram is in Warning state: 84.3% 
2026-07-05 18:52:51,136 | INFO | Disk is in normal state: 19.7%
2026-07-05 18:53:01,140 | INFO | Cpu is in normal state: 16.1%
2026-07-05 18:53:01,141 | WARNING | Ram is in Warning state: 84.0% 
2026-07-05 18:53:01,143 | INFO | Disk is in normal state: 19.7%
2026-07-05 18:53:11,146 | INFO | Cpu is in normal state: 16.1%
2026-07-05 18:53:11,148 | WARNING | Ram is in Warning state: 84.3% 
2026-07-05 18:53:11,149 | INFO | Disk is in normal state: 19.7%
2026-07-05 18:53:21,152 | INFO | Cpu is in normal state: 16.8%
2026-07-05 18:53:21,154 | WARNING | Ram is in Warning state: 84.4% 
2026-07-05 18:53:21,155 | INFO | Disk is in normal state: 19.7%
2026-07-05 18:53:31,157 | INFO | Cpu is in normal state: 16.1%
2026-07-05 18:53:31,159 | WARNING | Ram is in Warning state: 84.3% 
2026-07-05 18:53:31,160 | INFO | Disk is in normal state: 19.7%
2026-07-05 18:53:41,163 | INFO | Cpu is in normal state: 14.8%
2026-07-05 18:53:41,165 | WARNING | Ram is in Warning state: 84.3% 
2026-07-05 18:53:41,166 | INFO | Disk is in normal state: 19.7%
2026-07-05 18:53:51,168 | INFO | Cpu is in normal state: 17.3%
2026-07-05 18:53:51,169 | WARNING | Ram is in Warning state: 84.0% 
2026-07-05 18:53:51,169 | INFO | Disk is in normal state: 19.7%
2026-07-05 18:54:01,171 | INFO | Cpu is in normal state: 23.4%
2026-07-05 18:54:01,171 | WARNING | Ram is in Warning state: 84.6% 
2026-07-05 18:54:01,172 | INFO | Disk is in normal state: 19.7%
2026-07-05 18:54:11,172 | INFO | Cpu is in normal state: 30.6%
2026-07-05 18:54:11,173 | WARNING | Ram is in Warning state: 87.1% 
2026-07-05 18:54:11,174 | INFO | Disk is in normal state: 19.7%
2026-07-05 18:54:21,175 | INFO | Cpu is in normal state: 22.4%
2026-07-05 18:54:21,175 | WARNING | Ram is in Warning state: 86.8% 
2026-07-05 18:54:21,176 | INFO | Disk is in normal state: 19.7%
2026-07-05 18:54:31,177 | INFO | Cpu is in normal state: 23.9%
2026-07-05 18:54:31,178 | WARNING | Ram is in Warning state: 86.3% 
2026-07-05 18:54:31,178 | INFO | Disk is in normal state: 19.7%
2026-07-05 18:54:41,179 | INFO | Cpu is in normal state: 19.5%
2026-07-05 18:54:41,180 | WARNING | Ram is in Warning state: 84.8% 
2026-07-05 18:54:41,180 | INFO | Disk is in normal state: 19.7%
2026-07-05 18:54:51,181 | INFO | Cpu is in normal state: 17.6%
2026-07-05 18:54:51,181 | WARNING | Ram is in Warning state: 84.7% 
2026-07-05 18:54:51,182 | INFO | Disk is in normal state: 19.7%
2026-07-05 18:55:01,183 | INFO | Cpu is in normal state: 17.0%
2026-07-05 18:55:01,183 | WARNING | Ram is in Warning state: 85.0% 
2026-07-05 18:55:01,184 | INFO | Disk is in normal state: 19.7%
2026-07-05 18:55:11,185 | INFO | Cpu is in normal state: 20.3%
2026-07-05 18:55:11,185 | WARNING | Ram is in Warning state: 85.3% 
2026-07-05 18:55:11,186 | INFO | Disk is in normal state: 19.7%
2026-07-05 18:55:21,186 | INFO | Cpu is in normal state: 16.7%
2026-07-05 18:55:21,187 | WARNING | Ram is in Warning state: 85.2% 
2026-07-05 18:55:21,188 | INFO | Disk is in normal state: 19.7%
2026-07-05 18:55:31,188 | INFO | Cpu is in normal state: 17.4%
2026-07-05 18:55:31,189 | WARNING | Ram is in Warning state: 85.6% 
2026-07-05 18:55:31,189 | INFO | Disk is in normal state: 19.7%
2026-07-05 18:55:41,190 | INFO | Cpu is in normal state: 20.4%
2026-07-05 18:55:41,191 | WARNING | Ram is in Warning state: 85.3% 
2026-07-05 18:55:41,191 | INFO | Disk is in normal state: 19.7%
2026-07-05 18:55:51,194 | INFO | Cpu is in normal state: 15.1%
2026-07-05 18:55:51,196 | WARNING | Ram is in Warning state: 85.1% 
2026-07-05 18:55:51,197 | INFO | Disk is in normal state: 19.7%
2026-07-05 18:56:01,199 | INFO | Cpu is in normal state: 12.1%
2026-07-05 18:56:01,201 | WARNING | Ram is in Warning state: 85.5% 
2026-07-05 18:56:01,202 | INFO | Disk is in normal state: 19.7%
2026-07-05 18:56:11,204 | INFO | Cpu is in normal state: 11.4%
2026-07-05 18:56:11,205 | WARNING | Ram is in Warning state: 85.5% 
2026-07-05 18:56:11,206 | INFO | Disk is in normal state: 19.7%
2026-07-05 18:56:21,207 | INFO | Cpu is in normal state: 22.0%
2026-07-05 18:56:21,208 | WARNING | Ram is in Warning state: 87.6% 
2026-07-05 18:56:21,209 | INFO | Disk is in normal state: 19.7%
2026-07-05 18:56:31,210 | INFO | Cpu is in normal state: 19.5%
2026-07-05 18:56:31,211 | WARNING | Ram is in Warning state: 87.5% 
2026-07-05 18:56:31,212 | INFO | Disk is in normal state: 19.7%
2026-07-05 18:56:41,214 | INFO | Cpu is in normal state: 12.4%
2026-07-05 18:56:41,215 | WARNING | Ram is in Warning state: 87.2% 
2026-07-05 18:56:41,215 | INFO | Disk is in normal state: 19.7%
2026-07-05 18:56:51,217 | INFO | Cpu is in normal state: 20.5%
2026-07-05 18:56:51,218 | WARNING | Ram is in Warning state: 87.7% 
2026-07-05 18:56:51,219 | INFO | Disk is in normal state: 19.7%
2026-07-05 18:57:01,223 | INFO | Cpu is in normal state: 14.7%
2026-07-05 18:57:01,225 | WARNING | Ram is in Warning state: 87.8% 
2026-07-05 18:57:01,227 | INFO | Disk is in normal state: 19.7%
2026-07-05 18:57:11,229 | INFO | Cpu is in normal state: 11.1%
2026-07-05 18:57:11,230 | WARNING | Ram is in Warning state: 87.8% 
2026-07-05 18:57:11,231 | INFO | Disk is in normal state: 19.7%
2026-07-05 18:57:21,233 | INFO | Cpu is in normal state: 13.6%
2026-07-05 18:57:21,234 | WARNING | Ram is in Warning state: 87.2% 
2026-07-05 18:57:21,235 | INFO | Disk is in normal state: 19.7%
2026-07-05 18:57:31,237 | INFO | Cpu is in normal state: 10.5%
2026-07-05 18:57:31,239 | WARNING | Ram is in Warning state: 87.6% 
2026-07-05 18:57:31,240 | INFO | Disk is in normal state: 19.7%
2026-07-05 18:57:41,242 | INFO | Cpu is in normal state: 15.1%
2026-07-05 18:57:41,243 | WARNING | Ram is in Warning state: 87.6% 
2026-07-05 18:57:41,243 | INFO | Disk is in normal state: 19.7%
2026-07-05 18:57:51,245 | INFO | Cpu is in normal state: 16.3%
2026-07-05 18:57:51,247 | WARNING | Ram is in Warning state: 87.5% 
2026-07-05 18:57:51,248 | INFO | Disk is in normal state: 19.7%
2026-07-05 18:58:01,250 | INFO | Cpu is in normal state: 10.5%
2026-07-05 18:58:01,252 | WARNING | Ram is in Warning state: 87.6% 
2026-07-05 18:58:01,253 | INFO | Disk is in normal state: 19.7%
2026-07-05 18:58:11,255 | INFO | Cpu is in normal state: 12.3%
2026-07-05 18:58:11,256 | WARNING | Ram is in Warning state: 87.9% 
2026-07-05 18:58:11,256 | INFO | Disk is in normal state: 19.7%
2026-07-05 18:58:21,258 | INFO | Cpu is in normal state: 21.7%
2026-07-05 18:58:21,259 | WARNING | Ram is in Warning state: 84.9% 
2026-07-05 18:58:21,260 | INFO | Disk is in normal state: 19.7%
2026-07-05 18:58:31,262 | INFO | Cpu is in normal state: 11.7%
2026-07-05 18:58:31,264 | WARNING | Ram is in Warning state: 84.9% 
2026-07-05 18:58:31,265 | INFO | Disk is in normal state: 19.7%
2026-07-05 18:58:41,267 | INFO | Cpu is in normal state: 12.0%
2026-07-05 18:58:41,269 | WARNING | Ram is in Warning state: 84.9% 
2026-07-05 18:58:41,270 | INFO | Disk is in normal state: 19.7%
2026-07-05 18:58:51,271 | INFO | Cpu is in normal state: 37.9%
2026-07-05 18:58:51,273 | WARNING | Ram is in Warning state: 88.8% 
2026-07-05 18:58:51,274 | INFO | Disk is in normal state: 19.7%
2026-07-05 18:59:01,276 | INFO | Cpu is in normal state: 58.0%
2026-07-05 18:59:01,278 | CRITICAL | Ram is in Critical state: 92.5%
2026-07-05 18:59:01,279 | INFO | Disk is in normal state: 19.7%
2026-07-05 18:59:11,282 | INFO | Cpu is in normal state: 72.5%
2026-07-05 18:59:11,283 | CRITICAL | Ram is in Critical state: 93.1%
2026-07-05 18:59:11,283 | INFO | Disk is in normal state: 20.4%
2026-07-05 18:59:21,285 | INFO | Cpu is in normal state: 69.3%
2026-07-05 18:59:21,286 | CRITICAL | Ram is in Critical state: 92.0%
2026-07-05 18:59:21,287 | INFO | Disk is in normal state: 20.4%
2026-07-05 18:59:31,290 | INFO | Cpu is in normal state: 34.7%
2026-07-05 18:59:31,291 | WARNING | Ram is in Warning state: 88.9% 
2026-07-05 18:59:31,292 | INFO | Disk is in normal state: 20.4%
2026-07-05 18:59:41,294 | INFO | Cpu is in normal state: 29.8%
2026-07-05 18:59:41,295 | INFO | Ram is in normal state: 76.3%
2026-07-05 18:59:41,296 | INFO | Disk is in normal state: 20.4%
2026-07-05 18:59:51,297 | INFO | Cpu is in normal state: 10.1%
2026-07-05 18:59:51,299 | INFO | Ram is in normal state: 73.6%
2026-07-05 18:59:51,300 | INFO | Disk is in normal state: 20.4%
2026-07-05 19:00:01,303 | INFO | Cpu is in normal state: 18.3%
2026-07-05 19:00:01,305 | INFO | Ram is in normal state: 75.9%
2026-07-05 19:00:01,306 | INFO | Disk is in normal state: 20.4%
2026-07-05 19:00:11,308 | INFO | Cpu is in normal state: 11.4%
2026-07-05 19:00:11,309 | INFO | Ram is in normal state: 75.7%
2026-07-05 19:00:11,310 | INFO | Disk is in normal state: 20.4%
2026-07-05 19:00:21,311 | INFO | Cpu is in normal state: 13.8%
2026-07-05 19:00:21,312 | INFO | Ram is in normal state: 76.7%
2026-07-05 19:00:21,312 | INFO | Disk is in normal state: 20.4%
2026-07-05 19:00:31,314 | INFO | Cpu is in normal state: 13.3%
2026-07-05 19:00:31,315 | INFO | Ram is in normal state: 77.2%
2026-07-05 19:00:31,316 | INFO | Disk is in normal state: 20.4%
2026-07-05 19:00:41,318 | INFO | Cpu is in normal state: 9.1%
2026-07-05 19:00:41,320 | INFO | Ram is in normal state: 77.2%
2026-07-05 19:00:41,321 | INFO | Disk is in normal state: 20.4%
2026-07-05 19:00:51,324 | INFO | Cpu is in normal state: 16.7%
2026-07-05 19:00:51,326 | INFO | Ram is in normal state: 77.5%
2026-07-05 19:00:51,327 | INFO | Disk is in normal state: 20.4%
2026-07-05 19:01:01,329 | INFO | Cpu is in normal state: 15.1%
2026-07-05 19:01:01,330 | INFO | Ram is in normal state: 78.4%
2026-07-05 19:01:01,331 | INFO | Disk is in normal state: 20.4%
2026-07-05 19:01:11,333 | INFO | Cpu is in normal state: 13.9%
2026-07-05 19:01:11,334 | INFO | Ram is in normal state: 78.5%
2026-07-05 19:01:11,334 | INFO | Disk is in normal state: 20.4%
2026-07-05 19:01:21,337 | INFO | Cpu is in normal state: 14.3%
2026-07-05 19:01:21,339 | INFO | Ram is in normal state: 78.6%
2026-07-05 19:01:21,340 | INFO | Disk is in normal state: 20.4%
2026-07-05 19:01:31,343 | INFO | Cpu is in normal state: 22.8%
2026-07-05 19:01:31,344 | WARNING | Ram is in Warning state: 81.6% 
2026-07-05 19:01:31,345 | INFO | Disk is in normal state: 20.4%
2026-07-05 19:01:41,347 | INFO | Cpu is in normal state: 29.5%
2026-07-05 19:01:41,348 | WARNING | Ram is in Warning state: 82.2% 
2026-07-05 19:01:41,349 | INFO | Disk is in normal state: 20.4%
2026-07-05 19:01:51,351 | INFO | Cpu is in normal state: 19.8%
2026-07-05 19:01:51,353 | WARNING | Ram is in Warning state: 82.3% 
2026-07-05 19:01:51,355 | INFO | Disk is in normal state: 20.4%
2026-07-05 19:02:01,357 | INFO | Cpu is in normal state: 18.0%
2026-07-05 19:02:01,357 | WARNING | Ram is in Warning state: 82.1% 
2026-07-05 19:02:01,358 | INFO | Disk is in normal state: 20.4%
2026-07-05 19:02:11,360 | INFO | Cpu is in normal state: 17.4%
2026-07-05 19:02:11,361 | WARNING | Ram is in Warning state: 81.7% 
2026-07-05 19:02:11,363 | INFO | Disk is in normal state: 20.4%
2026-07-05 19:02:21,365 | INFO | Cpu is in normal state: 12.6%
2026-07-05 19:02:21,367 | WARNING | Ram is in Warning state: 81.3% 
2026-07-05 19:02:21,368 | INFO | Disk is in normal state: 20.4%
2026-07-05 19:02:31,371 | INFO | Cpu is in normal state: 19.4%
2026-07-05 19:02:31,373 | WARNING | Ram is in Warning state: 81.2% 
2026-07-05 19:02:31,374 | INFO | Disk is in normal state: 20.4%
2026-07-05 19:02:41,376 | INFO | Cpu is in normal state: 16.2%
2026-07-05 19:02:41,378 | WARNING | Ram is in Warning state: 81.3% 
2026-07-05 19:02:41,379 | INFO | Disk is in normal state: 20.4%
2026-07-05 19:02:51,380 | INFO | Cpu is in normal state: 14.2%
2026-07-05 19:02:51,381 | WARNING | Ram is in Warning state: 81.3% 
2026-07-05 19:02:51,381 | INFO | Disk is in normal state: 20.4%
2026-07-05 19:03:01,385 | INFO | Cpu is in normal state: 30.1%
2026-07-05 19:03:01,388 | WARNING | Ram is in Warning state: 84.7% 
2026-07-05 19:03:01,390 | INFO | Disk is in normal state: 20.4%
2026-07-05 19:03:11,393 | INFO | Cpu is in normal state: 31.5%
2026-07-05 19:03:11,394 | WARNING | Ram is in Warning state: 85.8% 
2026-07-05 19:03:11,394 | INFO | Disk is in normal state: 20.4%
2026-07-05 19:03:21,396 | INFO | Cpu is in normal state: 31.5%
2026-07-05 19:03:21,397 | WARNING | Ram is in Warning state: 85.7% 
2026-07-05 19:03:21,397 | INFO | Disk is in normal state: 20.4%
2026-07-05 19:03:31,399 | INFO | Cpu is in normal state: 29.9%
2026-07-05 19:03:31,400 | WARNING | Ram is in Warning state: 87.0% 
2026-07-05 19:03:31,400 | INFO | Disk is in normal state: 20.4%
2026-07-05 19:03:41,402 | INFO | Cpu is in normal state: 24.6%
2026-07-05 19:03:41,404 | WARNING | Ram is in Warning state: 86.1% 
2026-07-05 19:03:41,405 | INFO | Disk is in normal state: 20.4%
2026-07-05 19:03:51,407 | INFO | Cpu is in normal state: 17.6%
2026-07-05 19:03:51,408 | WARNING | Ram is in Warning state: 85.8% 
2026-07-05 19:03:51,409 | INFO | Disk is in normal state: 20.4%
2026-07-05 19:04:01,411 | INFO | Cpu is in normal state: 15.4%
2026-07-05 19:04:01,412 | WARNING | Ram is in Warning state: 85.5% 
2026-07-05 19:04:01,413 | INFO | Disk is in normal state: 20.4%
2026-07-05 19:04:11,416 | INFO | Cpu is in normal state: 15.8%
2026-07-05 19:04:11,418 | WARNING | Ram is in Warning state: 85.2% 
2026-07-05 19:04:11,420 | INFO | Disk is in normal state: 20.4%
2026-07-05 19:04:21,423 | INFO | Cpu is in normal state: 13.5%
2026-07-05 19:04:21,425 | WARNING | Ram is in Warning state: 85.2% 
2026-07-05 19:04:21,427 | INFO | Disk is in normal state: 20.4%
2026-07-05 19:04:31,428 | INFO | Cpu is in normal state: 16.0%
2026-07-05 19:04:31,429 | WARNING | Ram is in Warning state: 85.1% 
2026-07-05 19:04:31,430 | INFO | Disk is in normal state: 20.4%
2026-07-05 19:04:41,431 | INFO | Cpu is in normal state: 24.7%
2026-07-05 19:04:41,433 | WARNING | Ram is in Warning state: 80.2% 
2026-07-05 19:04:41,434 | INFO | Disk is in normal state: 20.4%
2026-07-05 19:04:51,436 | INFO | Cpu is in normal state: 18.3%
2026-07-05 19:04:51,438 | WARNING | Ram is in Warning state: 80.3% 
2026-07-05 19:04:51,438 | INFO | Disk is in normal state: 20.4%
2026-07-05 19:05:01,442 | INFO | Cpu is in normal state: 16.0%
2026-07-05 19:05:01,444 | WARNING | Ram is in Warning state: 80.2% 
2026-07-05 19:05:01,446 | INFO | Disk is in normal state: 20.4%
2026-07-05 19:05:11,448 | INFO | Cpu is in normal state: 17.5%
2026-07-05 19:05:11,449 | WARNING | Ram is in Warning state: 80.4% 
2026-07-05 19:05:11,449 | INFO | Disk is in normal state: 20.4%
2026-07-05 19:05:21,450 | INFO | Cpu is in normal state: 28.9%
2026-07-05 19:05:21,452 | WARNING | Ram is in Warning state: 82.0% 
2026-07-05 19:05:21,453 | INFO | Disk is in normal state: 20.4%
2026-07-05 19:05:31,454 | INFO | Cpu is in normal state: 28.3%
2026-07-05 19:05:31,455 | WARNING | Ram is in Warning state: 82.5% 
2026-07-05 19:05:31,456 | INFO | Disk is in normal state: 20.4%
2026-07-05 19:05:41,458 | INFO | Cpu is in normal state: 29.7%
2026-07-05 19:05:41,460 | WARNING | Ram is in Warning state: 82.7% 
2026-07-05 19:05:41,461 | INFO | Disk is in normal state: 20.4%
2026-07-05 19:05:51,464 | INFO | Cpu is in normal state: 32.3%
2026-07-05 19:05:51,466 | WARNING | Ram is in Warning state: 83.1% 
2026-07-05 19:05:51,467 | INFO | Disk is in normal state: 20.4%
2026-07-05 19:06:01,469 | INFO | Cpu is in normal state: 19.2%
2026-07-05 19:06:01,471 | WARNING | Ram is in Warning state: 83.1% 
2026-07-05 19:06:01,472 | INFO | Disk is in normal state: 20.4%
2026-07-05 19:06:11,473 | INFO | Cpu is in normal state: 14.5%
2026-07-05 19:06:11,474 | WARNING | Ram is in Warning state: 82.8% 
2026-07-05 19:06:11,475 | INFO | Disk is in normal state: 20.4%
2026-07-05 19:06:21,477 | INFO | Cpu is in normal state: 16.1%
2026-07-05 19:06:21,479 | WARNING | Ram is in Warning state: 82.1% 
2026-07-05 19:06:21,480 | INFO | Disk is in normal state: 20.4%
2026-07-05 19:06:31,484 | INFO | Cpu is in normal state: 25.4%
2026-07-05 19:06:31,485 | WARNING | Ram is in Warning state: 83.3% 
2026-07-05 19:06:31,487 | INFO | Disk is in normal state: 20.4%
2026-07-05 19:06:41,489 | INFO | Cpu is in normal state: 17.9%
2026-07-05 19:06:41,490 | WARNING | Ram is in Warning state: 82.8% 
2026-07-05 19:06:41,491 | INFO | Disk is in normal state: 20.4%
2026-07-05 19:06:51,493 | INFO | Cpu is in normal state: 15.9%
2026-07-05 19:06:51,495 | WARNING | Ram is in Warning state: 82.6% 
2026-07-05 19:06:51,496 | INFO | Disk is in normal state: 20.4%
2026-07-05 19:07:01,497 | INFO | Cpu is in normal state: 19.1%
2026-07-05 19:07:01,498 | WARNING | Ram is in Warning state: 80.8% 
2026-07-05 19:07:01,499 | INFO | Disk is in normal state: 20.4%
2026-07-05 19:07:11,501 | INFO | Cpu is in normal state: 13.0%
2026-07-05 19:07:11,502 | WARNING | Ram is in Warning state: 80.8% 
2026-07-05 19:07:11,502 | INFO | Disk is in normal state: 20.4%
2026-07-05 19:07:21,504 | INFO | Cpu is in normal state: 18.3%
2026-07-05 19:07:21,505 | WARNING | Ram is in Warning state: 80.9% 
2026-07-05 19:07:21,506 | INFO | Disk is in normal state: 20.4%
2026-07-05 19:07:31,510 | INFO | Cpu is in normal state: 27.1%
2026-07-05 19:07:31,512 | WARNING | Ram is in Warning state: 84.5% 
2026-07-05 19:07:31,513 | INFO | Disk is in normal state: 20.4%
2026-07-05 19:07:41,515 | INFO | Cpu is in normal state: 16.6%
2026-07-05 19:07:41,516 | WARNING | Ram is in Warning state: 84.2% 
2026-07-05 19:07:41,517 | INFO | Disk is in normal state: 20.4%
2026-07-05 19:07:51,519 | INFO | Cpu is in normal state: 16.1%
2026-07-05 19:07:51,521 | WARNING | Ram is in Warning state: 84.1% 
2026-07-05 19:07:51,522 | INFO | Disk is in normal state: 20.4%
2026-07-05 19:08:01,525 | INFO | Cpu is in normal state: 15.5%
2026-07-05 19:08:01,526 | WARNING | Ram is in Warning state: 84.9% 
2026-07-05 19:08:01,527 | INFO | Disk is in normal state: 20.4%
2026-07-05 19:08:11,531 | INFO | Cpu is in normal state: 15.8%
2026-07-05 19:08:11,532 | WARNING | Ram is in Warning state: 85.0% 
2026-07-05 19:08:11,533 | INFO | Disk is in normal state: 20.4%
2026-07-05 19:08:21,536 | INFO | Cpu is in normal state: 15.1%
2026-07-05 19:08:21,537 | WARNING | Ram is in Warning state: 85.4% 
2026-07-05 19:08:21,538 | INFO | Disk is in normal state: 20.4%
2026-07-05 19:08:31,541 | INFO | Cpu is in normal state: 14.6%
2026-07-05 19:08:31,542 | WARNING | Ram is in Warning state: 85.5% 
2026-07-05 19:08:31,543 | INFO | Disk is in normal state: 20.4%
2026-07-05 19:08:41,546 | INFO | Cpu is in normal state: 13.2%
2026-07-05 19:08:41,547 | WARNING | Ram is in Warning state: 85.5% 
2026-07-05 19:08:41,548 | INFO | Disk is in normal state: 20.4%
2026-07-05 19:08:51,551 | INFO | Cpu is in normal state: 13.3%
2026-07-05 19:08:51,551 | WARNING | Ram is in Warning state: 85.5% 
2026-07-05 19:08:51,552 | INFO | Disk is in normal state: 20.4%
2026-07-05 19:09:01,554 | INFO | Cpu is in normal state: 12.8%
2026-07-05 19:09:01,556 | WARNING | Ram is in Warning state: 85.5% 
2026-07-05 19:09:01,557 | INFO | Disk is in normal state: 20.4%
2026-07-05 19:09:11,562 | INFO | Cpu is in normal state: 15.6%
2026-07-05 19:09:11,564 | WARNING | Ram is in Warning state: 85.5% 
2026-07-05 19:09:11,565 | INFO | Disk is in normal state: 20.4%
2026-07-05 19:09:21,567 | INFO | Cpu is in normal state: 13.3%
2026-07-05 19:09:21,569 | WARNING | Ram is in Warning state: 85.6% 
2026-07-05 19:09:21,570 | INFO | Disk is in normal state: 20.4%
2026-07-05 19:09:31,571 | INFO | Cpu is in normal state: 16.3%
2026-07-05 19:09:31,572 | WARNING | Ram is in Warning state: 85.9% 
2026-07-05 19:09:31,573 | INFO | Disk is in normal state: 20.4%
2026-07-05 19:09:41,574 | INFO | Cpu is in normal state: 21.5%
2026-07-05 19:09:41,575 | WARNING | Ram is in Warning state: 81.3% 
2026-07-05 19:09:41,576 | INFO | Disk is in normal state: 20.4%
2026-07-05 19:09:51,577 | INFO | Cpu is in normal state: 16.8%
2026-07-05 19:09:51,579 | WARNING | Ram is in Warning state: 81.4% 
2026-07-05 19:09:51,579 | INFO | Disk is in normal state: 20.4%
2026-07-05 19:10:01,581 | INFO | Cpu is in normal state: 14.2%
2026-07-05 19:10:01,583 | WARNING | Ram is in Warning state: 81.6% 
2026-07-05 19:10:01,584 | INFO | Disk is in normal state: 20.4%
2026-07-05 19:10:11,585 | INFO | Cpu is in normal state: 15.3%
2026-07-05 19:10:11,585 | WARNING | Ram is in Warning state: 81.6% 
2026-07-05 19:10:11,586 | INFO | Disk is in normal state: 20.4%
2026-07-05 19:10:21,587 | INFO | Cpu is in normal state: 15.8%
2026-07-05 19:10:21,589 | WARNING | Ram is in Warning state: 81.6% 
2026-07-05 19:10:21,590 | INFO | Disk is in normal state: 20.4%
2026-07-05 19:10:31,593 | INFO | Cpu is in normal state: 15.3%
2026-07-05 19:10:31,594 | WARNING | Ram is in Warning state: 81.6% 
2026-07-05 19:10:31,596 | INFO | Disk is in normal state: 20.4%
2026-07-05 19:10:41,597 | INFO | Cpu is in normal state: 19.1%
2026-07-05 19:10:41,597 | WARNING | Ram is in Warning state: 81.6% 
2026-07-05 19:10:41,598 | INFO | Disk is in normal state: 20.4%
2026-07-05 19:10:51,599 | INFO | Cpu is in normal state: 18.4%
2026-07-05 19:10:51,599 | WARNING | Ram is in Warning state: 82.0% 
2026-07-05 19:10:51,600 | INFO | Disk is in normal state: 20.4%
2026-07-05 19:11:01,600 | INFO | Cpu is in normal state: 19.4%
2026-07-05 19:11:01,601 | WARNING | Ram is in Warning state: 83.4% 
2026-07-05 19:11:01,601 | INFO | Disk is in normal state: 20.4%
2026-07-05 19:11:11,602 | INFO | Cpu is in normal state: 16.4%
2026-07-05 19:11:11,603 | WARNING | Ram is in Warning state: 83.2% 
2026-07-05 19:11:11,603 | INFO | Disk is in normal state: 20.4%
2026-07-05 19:11:21,605 | INFO | Cpu is in normal state: 18.9%
2026-07-05 19:11:21,605 | WARNING | Ram is in Warning state: 83.1% 
2026-07-05 19:11:21,606 | INFO | Disk is in normal state: 20.4%
2026-07-05 19:11:31,606 | INFO | Cpu is in normal state: 16.6%
2026-07-05 19:11:31,607 | WARNING | Ram is in Warning state: 83.1% 
2026-07-05 19:11:31,607 | INFO | Disk is in normal state: 20.4%
2026-07-05 19:11:41,608 | INFO | Cpu is in normal state: 16.0%
2026-07-05 19:11:41,609 | WARNING | Ram is in Warning state: 83.1% 
2026-07-05 19:11:41,609 | INFO | Disk is in normal state: 20.4%
2026-07-05 19:11:51,612 | INFO | Cpu is in normal state: 26.5%
2026-07-05 19:11:51,613 | WARNING | Ram is in Warning state: 85.4% 
2026-07-05 19:11:51,614 | INFO | Disk is in normal state: 20.4%
2026-07-05 19:12:01,615 | INFO | Cpu is in normal state: 23.1%
2026-07-05 19:12:01,616 | WARNING | Ram is in Warning state: 85.2% 
2026-07-05 19:12:01,617 | INFO | Disk is in normal state: 20.4%
2026-07-05 19:12:11,618 | INFO | Cpu is in normal state: 66.7%
2026-07-05 19:12:11,619 | WARNING | Ram is in Warning state: 87.1% 
2026-07-05 19:12:11,620 | INFO | Disk is in normal state: 20.4%
2026-07-05 19:12:21,621 | INFO | Cpu is in normal state: 43.4%
2026-07-05 19:12:21,621 | WARNING | Ram is in Warning state: 86.8% 
2026-07-05 19:12:21,622 | INFO | Disk is in normal state: 20.4%
2026-07-05 19:12:31,623 | INFO | Cpu is in normal state: 21.1%
2026-07-05 19:12:31,623 | WARNING | Ram is in Warning state: 86.3% 
2026-07-05 19:12:31,623 | INFO | Disk is in normal state: 20.4%
2026-07-05 19:12:41,625 | INFO | Cpu is in normal state: 22.4%
2026-07-05 19:12:41,625 | WARNING | Ram is in Warning state: 86.1% 
2026-07-05 19:12:41,625 | INFO | Disk is in normal state: 20.4%
2026-07-05 19:12:51,632 | INFO | Cpu is in normal state: 18.5%
2026-07-05 19:12:51,633 | WARNING | Ram is in Warning state: 86.0% 
2026-07-05 19:12:51,633 | INFO | Disk is in normal state: 20.4%
2026-07-05 19:13:01,634 | INFO | Cpu is in normal state: 22.8%
2026-07-05 19:13:01,634 | WARNING | Ram is in Warning state: 86.7% 
2026-07-05 19:13:01,634 | INFO | Disk is in normal state: 20.4%
2026-07-05 19:13:11,635 | INFO | Cpu is in normal state: 18.1%
2026-07-05 19:13:11,636 | WARNING | Ram is in Warning state: 86.3% 
2026-07-05 19:13:11,636 | INFO | Disk is in normal state: 20.4%
2026-07-05 19:13:21,637 | INFO | Cpu is in normal state: 17.5%
2026-07-05 19:13:21,638 | WARNING | Ram is in Warning state: 87.2% 
2026-07-05 19:13:21,638 | INFO | Disk is in normal state: 20.4%
2026-07-05 19:13:31,639 | INFO | Cpu is in normal state: 17.6%
2026-07-05 19:13:31,639 | WARNING | Ram is in Warning state: 87.1% 
2026-07-05 19:13:31,640 | INFO | Disk is in normal state: 20.4%
2026-07-05 19:13:41,641 | INFO | Cpu is in normal state: 20.9%
2026-07-05 19:13:41,641 | WARNING | Ram is in Warning state: 87.1% 
2026-07-05 19:13:41,642 | INFO | Disk is in normal state: 20.4%
2026-07-05 19:13:51,642 | INFO | Cpu is in normal state: 12.8%
2026-07-05 19:13:51,643 | WARNING | Ram is in Warning state: 87.4% 
2026-07-05 19:13:51,643 | INFO | Disk is in normal state: 20.4%
2026-07-05 19:14:01,645 | INFO | Cpu is in normal state: 15.1%
2026-07-05 19:14:01,645 | WARNING | Ram is in Warning state: 87.6% 
2026-07-05 19:14:01,646 | INFO | Disk is in normal state: 20.4%
2026-07-05 19:14:11,647 | INFO | Cpu is in normal state: 11.5%
2026-07-05 19:14:11,647 | WARNING | Ram is in Warning state: 84.5% 
2026-07-05 19:14:11,647 | INFO | Disk is in normal state: 20.4%
2026-07-05 19:14:21,648 | INFO | Cpu is in normal state: 11.1%
2026-07-05 19:14:21,649 | WARNING | Ram is in Warning state: 81.7% 
2026-07-05 19:14:21,649 | INFO | Disk is in normal state: 20.4%
2026-07-08 19:08:32,232 | INFO | Config file found successfuly
2026-07-08 19:08:32,234 | CRITICAL | Cpu is in Critical state: 96.1%
2026-07-08 19:08:32,235 | WARNING | Ram is in Warning state: 87.9% 
2026-07-08 19:08:32,236 | INFO | Disk is in normal state: 21.2%
2026-07-08 19:08:42,240 | INFO | Cpu is in normal state: 37.2%
2026-07-08 19:08:42,242 | CRITICAL | Ram is in Critical state: 92.3%
2026-07-08 19:08:42,243 | INFO | Disk is in normal state: 21.2%
2026-07-08 19:08:52,245 | INFO | Cpu is in normal state: 23.1%
2026-07-08 19:08:52,245 | CRITICAL | Ram is in Critical state: 93.3%
2026-07-08 19:08:52,245 | INFO | Disk is in normal state: 21.2%
